// Jest Snapshot v1, https://goo.gl/fbAQLP

exports[`ItemList renders correctly 1`] = `
<ul>
  <li>
    Item 1
  </li>
  <li>
    Item 2
  </li>
  <li>
    Item 3
  </li>
</ul>
`;
