// Jest Snapshot v1, https://goo.gl/fbAQLP

exports[`Matches Snapshots 1`] = `
<div
  data-testid="todo-3"
>
  <h1>
    wash dishes
  </h1>
</div>
`;
